// Jest Snapshot v1, https://goo.gl/fbAQLP

exports[`работа CountryInfo 1`] = `
<div
  className="country-info show"
>
  <div
    className="content country-info__content"
  >
    <h2
      className="sectionInfo country-info__name"
    >
      «
      Country
      »
    </h2>
    <img
      alt="Country"
      className="sectionInfo flag-preview-info"
      src="/img/flags/100.png"
    />
    <div
      className="sectionInfo country-info__properties"
    >
      <h3>
        Population: 
        <span
          className="country-info__value"
        >
          1 000
        </span>
      </h3>
      <h3>
        Total area: 
        <span
          className="country-info__value"
        >
          5 000
        </span>
         km
        <sup>
          2
        </sup>
      </h3>
    </div>
  </div>
</div>
`;
